============================= test session starts =============================
platform win32 -- Python 3.13.9, pytest-9.0.2, pluggy-1.6.0 -- C:\Users\USER\AppData\Local\Microsoft\WindowsApps\PythonSoftwareFoundation.Python.3.13_qbz5n2kfra8p0\python.exe
cachedir: .pytest_cache
rootdir: C:\Users\USER\Desktop\PROJECTS\interview-prep\backend
configfile: pytest.ini
testpaths: tests
plugins: anyio-4.12.0, asyncio-1.3.0, cov-7.0.0, mock-3.15.1, respx-0.22.0
asyncio: mode=Mode.AUTO, debug=False, asyncio_default_fixture_loop_scope=None, asyncio_default_test_loop_scope=function
collecting ... collected 108 items

tests/test_api_endpoints.py::TestHealthEndpoint::test_health_check PASSED [  0%]
tests/test_api_endpoints.py::TestSessionEndpoints::test_create_session PASSED [  1%]
tests/test_api_endpoints.py::TestSessionEndpoints::test_create_session_unauthorized PASSED [  2%]
tests/test_api_endpoints.py::TestSessionEndpoints::test_create_session_invalid_data PASSED [  3%]
tests/test_api_endpoints.py::TestSessionEndpoints::test_get_sessions PASSED [  4%]
tests/test_api_endpoints.py::TestSessionEndpoints::test_get_session_messages PASSED [  5%]
tests/test_api_endpoints.py::TestSessionEndpoints::test_start_session PASSED [  6%]
tests/test_api_endpoints.py::TestSessionEndpoints::test_send_message PASSED [  7%]
tests/test_api_endpoints.py::TestSessionEndpoints::test_finalize_session PASSED [  8%]
tests/test_api_endpoints.py::TestQuestionEndpoints::test_get_questions PASSED [  9%]
tests/test_api_endpoints.py::TestQuestionEndpoints::test_get_questions_with_filters PASSED [ 10%]
tests/test_api_endpoints.py::TestQuestionEndpoints::test_get_question_by_id PASSED [ 11%]
tests/test_api_endpoints.py::TestQuestionEndpoints::test_get_question_coverage PASSED [ 12%]
tests/test_api_endpoints.py::TestAnalyticsEndpoints::test_get_session_results PASSED [ 12%]
tests/test_api_endpoints.py::TestAnalyticsEndpoints::test_get_user_analytics PASSED [ 13%]
tests/test_api_endpoints.py::TestAIEndpoints::test_get_ai_status PASSED  [ 14%]
tests/test_api_endpoints.py::TestAIEndpoints::test_ai_status_structure PASSED [ 15%]
tests/test_api_endpoints.py::TestVoiceEndpoints::test_tts_endpoint_exists PASSED [ 16%]
tests/test_api_endpoints.py::TestErrorHandling::test_404_not_found PASSED [ 17%]
tests/test_api_endpoints.py::TestErrorHandling::test_invalid_session_id PASSED [ 18%]
tests/test_api_endpoints.py::TestErrorHandling::test_invalid_json_body PASSED [ 19%]
tests/test_api_endpoints.py::TestErrorHandling::test_missing_required_fields PASSED [ 20%]
tests/test_api_endpoints.py::TestRateLimiting::test_rate_limit_not_exceeded_normal_use PASSED [ 21%]
tests/test_api_endpoints.py::TestRateLimiting::test_rate_limit_exceeded PASSED [ 22%]
tests/test_auth.py::TestAuthentication::test_signup_success PASSED       [ 23%]
tests/test_auth.py::TestAuthentication::test_signup_duplicate_email PASSED [ 24%]
tests/test_auth.py::TestAuthentication::test_signup_weak_password PASSED [ 25%]
tests/test_auth.py::TestAuthentication::test_signup_invalid_email PASSED [ 25%]
tests/test_auth.py::TestAuthentication::test_login_success PASSED        [ 26%]
tests/test_auth.py::TestAuthentication::test_login_wrong_password PASSED [ 27%]
tests/test_auth.py::TestAuthentication::test_login_nonexistent_user PASSED [ 28%]
tests/test_auth.py::TestAuthentication::test_login_unverified_user PASSED [ 29%]
tests/test_auth.py::TestAuthentication::test_password_hashing PASSED     [ 30%]
tests/test_auth.py::TestAuthentication::test_jwt_token_creation_and_validation PASSED [ 31%]
tests/test_auth.py::TestAuthentication::test_jwt_token_expiration PASSED [ 32%]
tests/test_auth.py::TestAuthentication::test_protected_endpoint_without_token PASSED [ 33%]
tests/test_auth.py::TestAuthentication::test_protected_endpoint_with_invalid_token PASSED [ 34%]
tests/test_auth.py::TestAuthentication::test_protected_endpoint_with_valid_token PASSED [ 35%]
tests/test_auth.py::TestAuthentication::test_verify_email_success PASSED [ 36%]
tests/test_auth.py::TestAuthentication::test_verify_email_invalid_token PASSED [ 37%]
tests/test_auth.py::TestAuthentication::test_token_refresh PASSED        [ 37%]
tests/test_auth.py::TestAuthentication::test_logout PASSED               [ 38%]
tests/test_auth.py::TestAuthenticationIntegration::test_complete_signup_verify_login_flow PASSED [ 39%]
tests/test_crud.py::TestUserCRUD::test_create_user PASSED                [ 40%]
tests/test_crud.py::TestUserCRUD::test_get_user_by_email PASSED          [ 41%]
tests/test_crud.py::TestUserCRUD::test_get_user_by_email_not_found PASSED [ 42%]
tests/test_crud.py::TestUserCRUD::test_get_user_by_id PASSED             [ 43%]
tests/test_crud.py::TestUserCRUD::test_get_user_by_id_not_found PASSED   [ 44%]
tests/test_crud.py::TestSessionCRUD::test_create_session PASSED          [ 45%]
tests/test_crud.py::TestSessionCRUD::test_get_session PASSED             [ 46%]
tests/test_crud.py::TestSessionCRUD::test_update_session_status PASSED   [ 47%]
tests/test_crud.py::TestSessionCRUD::test_get_user_sessions PASSED       [ 48%]
tests/test_crud.py::TestQuestionCRUD::test_get_question_by_id PASSED     [ 49%]
tests/test_crud.py::TestQuestionCRUD::test_get_questions_by_filters PASSED [ 50%]
tests/test_crud.py::TestQuestionCRUD::test_get_questions_by_company_style PASSED [ 50%]
tests/test_crud.py::TestQuestionCRUD::test_get_questions_by_tags PASSED  [ 51%]
tests/test_crud.py::TestQuestionCRUD::test_get_behavioral_questions PASSED [ 52%]
tests/test_crud.py::TestMessageCRUD::test_create_message PASSED          [ 53%]
tests/test_crud.py::TestMessageCRUD::test_get_session_messages PASSED    [ 54%]
tests/test_crud.py::TestMessageCRUD::test_messages_ordered_by_timestamp PASSED [ 55%]
tests/test_crud.py::TestEvaluationCRUD::test_create_evaluation PASSED    [ 56%]
tests/test_crud.py::TestEvaluationCRUD::test_get_evaluation_by_session PASSED [ 57%]
tests/test_crud.py::TestCRUDIntegration::test_complete_interview_data_flow PASSED [ 58%]
tests/test_interview_engine.py::TestInterviewEngine::test_engine_initialization PASSED [ 59%]
tests/test_interview_engine.py::TestInterviewEngine::test_warmup_profile_keeps_zero_confidence PASSED [ 60%]
tests/test_interview_engine.py::TestInterviewEngine::test_select_warmup_question FAILED [ 61%]
tests/test_interview_engine.py::TestInterviewEngine::test_select_behavioral_question FAILED [ 62%]
tests/test_interview_engine.py::TestInterviewEngine::test_select_technical_question FAILED [ 62%]
tests/test_interview_engine.py::TestInterviewEngine::test_adaptive_difficulty_increase PASSED [ 63%]
tests/test_interview_engine.py::TestInterviewEngine::test_adaptive_difficulty_decrease PASSED [ 64%]
tests/test_interview_engine.py::TestInterviewEngine::test_question_not_repeated_for_user FAILED [ 65%]
tests/test_interview_engine.py::TestInterviewEngine::test_company_style_filtering FAILED [ 66%]
tests/test_interview_engine.py::TestInterviewEngine::test_tag_diversity FAILED [ 67%]
tests/test_interview_engine.py::TestInterviewEngine::test_behavioral_question_target FAILED [ 68%]
tests/test_interview_engine.py::TestInterviewEngine::test_max_questions_limit FAILED [ 69%]
tests/test_interview_engine.py::TestInterviewEngine::test_followup_generation PASSED [ 70%]
tests/test_interview_engine.py::TestInterviewEngine::test_warmup_to_active_transition FAILED [ 71%]
tests/test_interview_engine.py::TestInterviewEngine::test_warmup_smalltalk_fallback FAILED [ 72%]
tests/test_interview_engine.py::TestInterviewEngineIntegration::test_complete_interview_flow FAILED [ 73%]
tests/test_llm_client.py::TestDeepSeekClient::test_client_initialization_with_api_key PASSED [ 74%]
tests/test_llm_client.py::TestDeepSeekClient::test_client_initialization_without_api_key PASSED [ 75%]
tests/test_llm_client.py::TestDeepSeekClient::test_successful_chat_completion PASSED [ 75%]
tests/test_llm_client.py::TestDeepSeekClient::test_network_error_with_retry PASSED [ 76%]
tests/test_llm_client.py::TestDeepSeekClient::test_max_retries_exceeded PASSED [ 77%]
tests/test_llm_client.py::TestDeepSeekClient::test_invalid_json_response PASSED [ 78%]
tests/test_llm_client.py::TestDeepSeekClient::test_timeout_handling PASSED [ 79%]
tests/test_llm_client.py::TestDeepSeekClient::test_no_api_key_raises PASSED [ 80%]
tests/test_llm_client.py::TestDeepSeekClient::test_get_llm_status_configured PASSED [ 81%]
tests/test_llm_client.py::TestDeepSeekClient::test_get_llm_status_not_configured PASSED [ 82%]
tests/test_llm_client.py::TestDeepSeekClient::test_health_tracking_on_success PASSED [ 83%]
tests/test_llm_client.py::TestDeepSeekClient::test_health_tracking_on_error PASSED [ 84%]
tests/test_llm_client.py::TestDeepSeekClient::test_retry_backoff_increases PASSED [ 85%]
tests/test_scoring_engine.py::TestScoringEngine::test_finalize_with_llm PASSED [ 86%]
tests/test_scoring_engine.py::TestScoringEngine::test_finalize_fallback PASSED [ 87%]
tests/test_scoring_engine.py::TestScoringEngine::test_finalize_empty_transcript PASSED [ 87%]
tests/test_tts.py::TestElevenLabsTTS::test_elevenlabs_enabled_check PASSED [ 88%]
tests/test_tts.py::TestElevenLabsTTS::test_elevenlabs_tts_with_text PASSED [ 89%]
tests/test_tts.py::TestDefaultTTS::test_default_tts_function PASSED      [ 90%]
tests/test_tts.py::TestDefaultTTS::test_default_tts_handles_any_text PASSED [ 91%]
tests/test_tts.py::TestTTSService::test_generate_speech_with_text PASSED [ 92%]
tests/test_tts.py::TestTTSService::test_generate_speech_empty_text PASSED [ 93%]
tests/test_tts.py::TestTTSService::test_synthesize_speech_wrapper PASSED [ 94%]
tests/test_tts.py::TestTTSIntegration::test_tts_fallback_chain PASSED    [ 95%]
tests/test_tts.py::TestTTSIntegration::test_multiple_tts_requests PASSED [ 96%]
tests/test_tts.py::TestTTSIntegration::test_tts_with_special_characters PASSED [ 97%]
tests/test_tts.py::TestTTSConfiguration::test_tts_with_different_providers PASSED [ 98%]
tests/test_tts.py::TestTTSConfiguration::test_missing_elevenlabs_credentials PASSED [ 99%]
tests/test_tts.py::TestTTSConfiguration::test_tts_provider_fallback_chain PASSED [100%]

================================== FAILURES ===================================
_______________ TestInterviewEngine.test_select_warmup_question _______________
tests\test_interview_engine.py:59: in test_select_warmup_question
    warmup_q = engine._pick_warmup_behavioral_question(db, session)
               ^^^^^^^^^^^^^^^^^^^^^^^^^^^^^^^^^^^^^^^^^^^^^^^^^^^^
app\services\interview_engine.py:1405: in _pick_warmup_behavioral_question
    seen = self._seen_question_subquery(session)
           ^^^^^^^^^^^^^^^^^^^^^^^^^^^^
E   AttributeError: 'InterviewEngine' object has no attribute '_seen_question_subquery'
_____________ TestInterviewEngine.test_select_behavioral_question _____________
tests\test_interview_engine.py:73: in test_select_behavioral_question
    behavioral_q = engine._pick_next_behavioral_question(db, session, asked_ids=set())
                   ^^^^^^^^^^^^^^^^^^^^^^^^^^^^^^^^^^^^^
E   AttributeError: 'InterviewEngine' object has no attribute '_pick_next_behavioral_question'. Did you mean: '_pick_warmup_behavioral_question'?
_____________ TestInterviewEngine.test_select_technical_question ______________
tests\test_interview_engine.py:87: in test_select_technical_question
    technical_q = engine._pick_next_technical_question(db, session, set(), set(), {}, desired_type="coding")
                  ^^^^^^^^^^^^^^^^^^^^^^^^^^^^^^^^^^^^
E   AttributeError: 'InterviewEngine' object has no attribute '_pick_next_technical_question'
___________ TestInterviewEngine.test_question_not_repeated_for_user ___________
tests\test_interview_engine.py:161: in test_question_not_repeated_for_user
    next_q = engine._pick_next_main_question(db, session)
             ^^^^^^^^^^^^^^^^^^^^^^^^^^^^^^^
E   AttributeError: 'InterviewEngine' object has no attribute '_pick_next_main_question'. Did you mean: '_ask_new_main_question'?
______________ TestInterviewEngine.test_company_style_filtering _______________
tests\test_interview_engine.py:196: in test_company_style_filtering
    selected_q = engine._pick_next_technical_question(db, session, set(), set(), {}, desired_type="coding")
                 ^^^^^^^^^^^^^^^^^^^^^^^^^^^^^^^^^^^^
E   AttributeError: 'InterviewEngine' object has no attribute '_pick_next_technical_question'
___________________ TestInterviewEngine.test_tag_diversity ____________________
tests\test_interview_engine.py:233: in test_tag_diversity
    q = engine._pick_next_main_question(db, session)
        ^^^^^^^^^^^^^^^^^^^^^^^^^^^^^^^
E   AttributeError: 'InterviewEngine' object has no attribute '_pick_next_main_question'. Did you mean: '_ask_new_main_question'?
_____________ TestInterviewEngine.test_behavioral_question_target _____________
tests\test_interview_engine.py:256: in test_behavioral_question_target
    q = engine._pick_next_main_question(db, session)
        ^^^^^^^^^^^^^^^^^^^^^^^^^^^^^^^
E   AttributeError: 'InterviewEngine' object has no attribute '_pick_next_main_question'. Did you mean: '_ask_new_main_question'?
________________ TestInterviewEngine.test_max_questions_limit _________________
tests\test_interview_engine.py:276: in test_max_questions_limit
    assert engine._max_questions_reached(session) is True
           ^^^^^^^^^^^^^^^^^^^^^^^^^^^^^
E   AttributeError: 'InterviewEngine' object has no attribute '_max_questions_reached'
____________ TestInterviewEngine.test_warmup_to_active_transition _____________
tests\test_interview_engine.py:309: in test_warmup_to_active_transition
    asyncio.run(engine.handle_student_message(db, session, "Doing well, thanks.", user_name="Test User"))
C:\Program Files\WindowsApps\PythonSoftwareFoundation.Python.3.13_3.13.2544.0_x64__qbz5n2kfra8p0\Lib\asyncio\runners.py:195: in run
    return runner.run(main)
           ^^^^^^^^^^^^^^^^
C:\Program Files\WindowsApps\PythonSoftwareFoundation.Python.3.13_3.13.2544.0_x64__qbz5n2kfra8p0\Lib\asyncio\runners.py:118: in run
    return self._loop.run_until_complete(task)
           ^^^^^^^^^^^^^^^^^^^^^^^^^^^^^^^^^^^
C:\Program Files\WindowsApps\PythonSoftwareFoundation.Python.3.13_3.13.2544.0_x64__qbz5n2kfra8p0\Lib\asyncio\base_events.py:725: in run_until_complete
    return future.result()
           ^^^^^^^^^^^^^^^
app\services\interview_engine.py:1997: in handle_student_message
    msg = await self._warmup_reply(
                ^^^^^^^^^^^^^^^^^^
E   AttributeError: 'InterviewEngine' object has no attribute '_warmup_reply'
_____________ TestInterviewEngine.test_warmup_smalltalk_fallback ______________
tests\test_interview_engine.py:339: in test_warmup_smalltalk_fallback
    msg = asyncio.run(engine.handle_student_message(db, session, "I'm doing okay.", user_name="Test User"))
          ^^^^^^^^^^^^^^^^^^^^^^^^^^^^^^^^^^^^^^^^^^^^^^^^^^^^^^^^^^^^^^^^^^^^^^^^^^^^^^^^^^^^^^^^^^^^^^^^^
C:\Program Files\WindowsApps\PythonSoftwareFoundation.Python.3.13_3.13.2544.0_x64__qbz5n2kfra8p0\Lib\asyncio\runners.py:195: in run
    return runner.run(main)
           ^^^^^^^^^^^^^^^^
C:\Program Files\WindowsApps\PythonSoftwareFoundation.Python.3.13_3.13.2544.0_x64__qbz5n2kfra8p0\Lib\asyncio\runners.py:118: in run
    return self._loop.run_until_complete(task)
           ^^^^^^^^^^^^^^^^^^^^^^^^^^^^^^^^^^^
C:\Program Files\WindowsApps\PythonSoftwareFoundation.Python.3.13_3.13.2544.0_x64__qbz5n2kfra8p0\Lib\asyncio\base_events.py:725: in run_until_complete
    return future.result()
           ^^^^^^^^^^^^^^^
app\services\interview_engine.py:1997: in handle_student_message
    msg = await self._warmup_reply(
                ^^^^^^^^^^^^^^^^^^
E   AttributeError: 'InterviewEngine' object has no attribute '_warmup_reply'
_________ TestInterviewEngineIntegration.test_complete_interview_flow _________
tests\test_interview_engine.py:366: in test_complete_interview_flow
    while not engine._max_questions_reached(session):
              ^^^^^^^^^^^^^^^^^^^^^^^^^^^^^
E   AttributeError: 'InterviewEngine' object has no attribute '_max_questions_reached'
============================== warnings summary ===============================
tests/test_api_endpoints.py::TestSessionEndpoints::test_create_session
  C:\Users\USER\AppData\Local\Packages\PythonSoftwareFoundation.Python.3.13_qbz5n2kfra8p0\LocalCache\local-packages\Python313\site-packages\passlib\handlers\argon2.py:716: DeprecationWarning: Accessing argon2.__version__ is deprecated and will be removed in a future release. Use importlib.metadata directly to query for argon2-cffi's packaging metadata.
    _argon2_cffi.__version__, max_version)

tests/test_api_endpoints.py: 34 warnings
tests/test_auth.py: 4 warnings
  C:\Users\USER\AppData\Local\Packages\PythonSoftwareFoundation.Python.3.13_qbz5n2kfra8p0\LocalCache\local-packages\Python313\site-packages\jose\jwt.py:311: DeprecationWarning: datetime.datetime.utcnow() is deprecated and scheduled for removal in a future version. Use timezone-aware objects to represent datetimes in UTC: datetime.datetime.now(datetime.UTC).
    now = timegm(datetime.utcnow().utctimetuple())

tests/test_api_endpoints.py::TestErrorHandling::test_invalid_json_body
  C:\Users\USER\AppData\Local\Packages\PythonSoftwareFoundation.Python.3.13_qbz5n2kfra8p0\LocalCache\local-packages\Python313\site-packages\httpx\_models.py:408: DeprecationWarning: Use 'content=<...>' to upload raw bytes/text content.
    headers, stream = encode_request(

-- Docs: https://docs.pytest.org/en/stable/how-to/capture-warnings.html
=============================== tests coverage ================================
_______________ coverage: platform win32, python 3.13.9-final-0 _______________

Name                                 Stmts   Miss Branch BrPart  Cover   Missing
--------------------------------------------------------------------------------
app\api\deps.py                         28      7      6      3    71%   15-19, 27, 33, 35
app\api\rate_limit.py                   19      2      4      2    83%   31, 34
app\api\v1\ai.py                         7      0      0      0   100%
app\api\v1\analytics.py                 16      2      4      2    80%   16, 19
app\api\v1\auth.py                     119     51     32      4    53%   42, 94, 100-101, 117-119, 124-153, 158-186, 191-196
app\api\v1\questions.py                 42      8     16      8    72%   24, 26, 28, 58, 60, 62, 73, 97
app\api\v1\router.py                    10      0      0      0   100%
app\api\v1\sessions.py                 143     34     30     10    72%   31, 33, 39-40, 47-48, 52-54, 64, 67-68, 151-153, 170, 175-176, 180, 197, 201, 206-208, 213, 228, 233-234, 241-250
app\api\v1\users.py                     13      3      0      0    77%   13, 27-34
app\api\v1\voice.py                     17      2      4      2    81%   23, 37
app\core\config.py                      25      0      0      0   100%
app\core\constants.py                    3      0      0      0   100%
app\core\email.py                       27      4      6      3    79%   21-22, 31->33, 33->35, 36-37
app\core\security.py                    42     12      6      2    71%   34-35, 39-40, 43-44, 49, 52-56
app\crud\evaluation.py                  19      7      2      1    62%   9-15
app\crud\message.py                     10      0      0      0   100%
app\crud\pending_signup.py              42      9     10      4    75%   29-36, 55->62, 58->60, 61
app\crud\question.py                    94     29     30      7    68%   28, 47-56, 71->73, 83-84, 88-90, 105, 140-142, 144-146, 148-150, 152-155, 157-160
app\crud\session.py                     49     13      4      2    72%   17, 39, 82-87, 99-103
app\crud\session_question.py            14      8      2      0    38%   7-19
app\crud\user.py                        96     49     20      3    47%   29->31, 59, 96-110, 114-119, 126-133, 137-143, 147-166
app\crud\user_question_seen.py          26     13      4      1    47%   9-21, 25-26, 51-53
app\db\base.py                           3      0      0      0   100%
app\db\init_db.py                      112     26     56     20    71%   32-33, 44->46, 52-54, 60, 90, 97, 101-102, 111, 116, 118, 120, 124, 126, 128, 132, 136, 139, 144, 152, 154, 156, 172-185
app\db\session.py                        5      0      0      0   100%
app\main.py                             61     13     16      7    71%   27-28, 33->51, 34->49, 63-73, 80, 94, 102-106
app\models\audit_log.py                 12      0      0      0   100%
app\models\evaluation.py                11      0      0      0   100%
app\models\interview_session.py         22      0      0      0   100%
app\models\message.py                   11      0      0      0   100%
app\models\pending_signup.py            12      0      0      0   100%
app\models\question.py                  18      0      0      0   100%
app\models\session_question.py           9      0      0      0   100%
app\models\user.py                      17      0      0      0   100%
app\models\user_question_seen.py        11      0      0      0   100%
app\schemas\auth.py                     24      0      0      0   100%
app\schemas\evaluation.py                6      0      0      0   100%
app\schemas\message.py                  16      0      0      0   100%
app\schemas\profile.py                  11      0      0      0   100%
app\schemas\question.py                 16      0      0      0   100%
app\schemas\session.py                  37      0      0      0   100%
app\services\interview_engine.py      1642   1335    786     42    15%   71-75, 78-79, 82-87, 92-93, 103-106, 109-114, 117-129, 132-141, 144-149, 152-164, 167-184, 194-212, 221-234, 237-246, 249-256, 259-265, 280-355, 358-363, 366-370, 376-379, 382-395, 398-406, 409-421, 424-461, 464-475, 478-487, 496, 497->502, 507-508, 515-531, 534-542, 545-547, 550-551, 554, 557-559, 562-566, 569-573, 576-601, 604-607, 613-615, 618-670, 673-678, 681-690, 699-714, 723-750, 753-799, 807, 812-816, 873-886, 900-921, 924-935, 943-964, 967-972, 980-988, 991-1001, 1004-1033, 1041-1065, 1068-1086, 1096, 1101, 1104-1119, 1122-1137, 1140-1155, 1161, 1193-1210, 1213-1214, 1219-1220, 1224-1232, 1235-1245, 1248-1255, 1258-1262, 1265-1275, 1278-1297, 1300-1347, 1350-1355, 1360-1361, 1366-1367, 1370-1382, 1385-1398, 1404, 1407-1444, 1447-1455, 1458-1472, 1477-1478, 1492-1493, 1498->1497, 1517, 1525-1526, 1529-1548, 1553, 1559, 1561, 1575-1592, 1599-1611, 1615, 1620, 1622, 1624, 1626, 1628, 1634-1655, 1660, 1667, 1675, 1677-1678, 1681-1692, 1701-1718, 1729-1782, 1792-1816, 1833-1842, 1845-1853, 1863->1867, 1873-1948, 1961->1964, 1967-1975, 1982-1983, 1986-1990, 2005-2008, 2017->2025, 2031-2399
app\services\interview_warmup.py        59     36     20      2    32%   13-14, 25-26, 36-45, 57, 59-61, 65-68, 73-86
app\services\llm_client.py             123      9     40      9    88%   63, 95->exit, 126-128, 132, 144, 171, 176->178, 192, 198
app\services\llm_schemas.py            196     78     66     12    50%   19, 23-24, 37, 40, 70, 73, 110, 113-114, 126, 141-172, 190, 195-197, 202-207, 212-218, 223-226, 231-250, 255-263, 277, 281-282, 289, 291, 296->294, 299
app\services\prompt_templates.py        79     58     24      1    21%   2-5, 9-38, 45-56, 60-64, 83-87, 101-107, 122-125, 170, 179, 193-196, 234-242, 314
app\services\rubric_loader.py           87     54     46      9    32%   16, 18, 25-37, 43, 49-50, 53, 61-93, 101, 104-107
app\services\scoring_engine.py          57      9      8      1    78%   59-65, 70-71
app\services\tts\default_tts.py          2      0      0      0   100%
app\services\tts\elevenlabs_tts.py      80     15     24      8    78%   26-27, 38-41, 49, 55, 59-62, 85->88, 104, 131, 137
app\services\tts\tts_service.py         52      7     22      5    84%   34, 55->62, 62->49, 66-70, 80
app\utils\audit.py                      22      7      0      0    68%   12-13, 19-20, 36-38
--------------------------------------------------------------------------------
TOTAL                                 3674   1900   1288    170    41%
Coverage HTML written to dir htmlcov
Coverage XML written to file coverage.xml
=========================== short test summary info ===========================
FAILED tests/test_interview_engine.py::TestInterviewEngine::test_select_warmup_question - AttributeError: 'InterviewEngine' object has no attribute '_seen_question_subquery'
FAILED tests/test_interview_engine.py::TestInterviewEngine::test_select_behavioral_question - AttributeError: 'InterviewEngine' object has no attribute '_pick_next_behavioral_question'. Did you mean: '_pick_warmup_behavioral_question'?
FAILED tests/test_interview_engine.py::TestInterviewEngine::test_select_technical_question - AttributeError: 'InterviewEngine' object has no attribute '_pick_next_technical_question'
FAILED tests/test_interview_engine.py::TestInterviewEngine::test_question_not_repeated_for_user - AttributeError: 'InterviewEngine' object has no attribute '_pick_next_main_question'. Did you mean: '_ask_new_main_question'?
FAILED tests/test_interview_engine.py::TestInterviewEngine::test_company_style_filtering - AttributeError: 'InterviewEngine' object has no attribute '_pick_next_technical_question'
FAILED tests/test_interview_engine.py::TestInterviewEngine::test_tag_diversity - AttributeError: 'InterviewEngine' object has no attribute '_pick_next_main_question'. Did you mean: '_ask_new_main_question'?
FAILED tests/test_interview_engine.py::TestInterviewEngine::test_behavioral_question_target - AttributeError: 'InterviewEngine' object has no attribute '_pick_next_main_question'. Did you mean: '_ask_new_main_question'?
FAILED tests/test_interview_engine.py::TestInterviewEngine::test_max_questions_limit - AttributeError: 'InterviewEngine' object has no attribute '_max_questions_reached'
FAILED tests/test_interview_engine.py::TestInterviewEngine::test_warmup_to_active_transition - AttributeError: 'InterviewEngine' object has no attribute '_warmup_reply'
FAILED tests/test_interview_engine.py::TestInterviewEngine::test_warmup_smalltalk_fallback - AttributeError: 'InterviewEngine' object has no attribute '_warmup_reply'
FAILED tests/test_interview_engine.py::TestInterviewEngineIntegration::test_complete_interview_flow - AttributeError: 'InterviewEngine' object has no attribute '_max_questions_reached'
=========== 11 failed, 97 passed, 40 warnings in 174.86s (0:02:54) ============
